.
├── README.md
├── atte.hcl
├── cmd/
│   ├── cmd.go
│   └── go package example.com/root/cmd
│       └── import example.com/root/internal/value
├── go.mod
├── internal/
│   └── value/
│       ├── value.go
│       └── go package example.com/root/internal/value
├── main.go
├── pkg/
│   ├── pkg.go
│   ├── pkg_test.go
│   ├── //pkg#go_test
│   └── go package example.com/root/pkg
├── test.sh
├── go package example.com/root
│   └── import example.com/root/cmd
└── //atte.hcl#test.default
